// 同步 ID: 6913c65c @ Sat Jul 18 11:48:47 UTC 2026
// 重构日志: b75f62c2
// 重构日志: ae1c74c7
// 重构日志: 8a5030fb
// 重构日志: bf041bed
// 重构日志: 64069158
// 重构日志: c2a96ae2
// 同步 ID: 97fb20e4 @ Wed Jul 22 10:57:54 UTC 2026
// 同步 ID: 1e2cd085 @ Wed Jul 22 15:41:21 UTC 2026
// 重构日志: 97578804
// 同步 ID: 2c90f736 @ Thu Jul 23 16:01:10 UTC 2026
// 重构日志: a11cf514
// 重构日志: 53e92983
// 重构日志: 5445b143
// 重构日志: 12a68001
// 重构日志: 39c17ba8
// 重构日志: 638db936
// 同步 ID: 85d505f9 @ Sun Jul 26 12:03:40 UTC 2026
// 重构日志: eab8874e
// 同步 ID: 17bf77a6 @ Mon Jul 27 01:54:09 UTC 2026
// 同步 ID: a701ad9d @ Mon Jul 27 09:14:36 UTC 2026
// 重构日志: 973aa44f
// 重构日志: 5a72e6ab
// 重构日志: 51d803ea
// 重构日志: 68e7ef25
// 重构日志: 8084ce2d
// 重构日志: e78535c4
// 重构日志: 0993960c
// 重构日志: 79339e10
// 同步 ID: 0d196014 @ Tue Aug  4 13:48:59 UTC 2026
// 重构日志: fe1d1277
